<html>
<body>
<pre>
<h1>µVision Build Log</h1>
<h2>Project:</h2>
C:\GitHub\Programmable_ IO_Exercise\Programmable_ IO_Exercise.uvproj
Project File Date:  12/09/2015

<h2>Output:</h2>
Clean started: Project: 'Programmable_ IO_Exercise'
   deleting intermediate output files for target 'Simulator'
   deleting intermediate output files for target 'MCBSTM32E Flash'
   deleting intermediate output files for target 'MCBSTM32E RAM'
   deleting intermediate output files for target 'MCBSTM32E Trace'
Rebuild target 'Simulator'
assembling startup_stm32f10x_hd.s...
compiling system_stm32f10x.c...
compiling GLCD_16bitIF_STM32.c...
compiling IRQ.c...
compiling LED_Functions.c...
compiling LCD_Functions.c...
compiling Programmable_ IO_Exercise.c...
linking...
Program Size: Code=4566 RO-data=6610 RW-data=40 ZI-data=1024  
".\Flash\Blinky.axf" - 0 Errors, 0 Warning(s).
Load "C:\\GitHub\\Programmable_ IO_Exercise\\Flash\\Blinky.axf" 
Erase Done.
Programming Done.
Verify OK.
Clean started: Project: 'Programmable_ IO_Exercise'
   deleting intermediate output files for target 'Simulator'
   deleting intermediate output files for target 'MCBSTM32E Flash'
   deleting intermediate output files for target 'MCBSTM32E RAM'
   deleting intermediate output files for target 'MCBSTM32E Trace'
Rebuild target 'MCBSTM32E Flash'
assembling startup_stm32f10x_hd.s...
compiling system_stm32f10x.c...
compiling GLCD_16bitIF_STM32.c...
compiling IRQ.c...
compiling LED_Functions.c...
compiling LCD_Functions.c...
compiling Programmable_ IO_Exercise.c...
compiling Exercise1.c...
Exercise1.c(23): warning:  #1-D: last line of file ends without a newline
Exercise1.c(10): warning:  #177-D: variable "u" was declared but never referenced
compiling clock.c...
linking...
Program Size: Code=4582 RO-data=6610 RW-data=40 ZI-data=1024  
".\Flash\Blinky.axf" - 0 Errors, 2 Warning(s).
