<html>
<body>
<pre>
<h1>µVision Build Log</h1>
<h2>Project:</h2>
D:\GitHub\Programmable_IO_Exercise\Programmable_ IO_Exercise\Programmable_ IO_Exercise.uvproj
Project File Date:  12/09/2015

<h2>Output:</h2>
Clean started: Project: 'Programmable_ IO_Exercise'
   deleting intermediate output files for target 'Simulator'
   deleting intermediate output files for target 'MCBSTM32E Flash'
   deleting intermediate output files for target 'MCBSTM32E RAM'
   deleting intermediate output files for target 'MCBSTM32E Trace'
Rebuild target 'MCBSTM32E Flash'
assembling startup_stm32f10x_hd.s...
compiling system_stm32f10x.c...
compiling GLCD_16bitIF_STM32.c...
compiling IRQ.c...
compiling LED_Functions.c...
compiling LCD_Functions.c...
compiling Programmable_ IO_Exercise.c...
Programmable_ IO_Exercise.c(94): warning:  #111-D: statement is unreachable
Programmable_ IO_Exercise.c(39): warning:  #177-D: variable "i" was declared but never referenced
compiling Exercise1.c...
Exercise1.c(10): warning:  #177-D: variable "u" was declared but never referenced
compiling clock.c...
compiling Excercise2.c...
Excercise2.c(22): warning:  #177-D: variable "t" was declared but never referenced
Excercise2.c(22): warning:  #177-D: variable "u" was declared but never referenced
linking...
Program Size: Code=3962 RO-data=6610 RW-data=36 ZI-data=1028  
".\Flash\Blinky.axf" - 0 Errors, 5 Warning(s).
Load "D:\\GitHub\\Programmable_IO_Exercise\\Programmable_ IO_Exercise\\Flash\\Blinky.axf" 
Erase Done.
Programming Done.
Verify OK.
Load "D:\\GitHub\\Programmable_IO_Exercise\\Programmable_ IO_Exercise\\Flash\\Blinky.axf" 
Erase Done.
Programming Done.
Verify OK.
Load "D:\\GitHub\\Programmable_IO_Exercise\\Programmable_ IO_Exercise\\Flash\\Blinky.axf" 
Erase Done.
Programming Done.
Verify OK.
Rebuild target 'MCBSTM32E Flash'
assembling startup_stm32f10x_hd.s...
compiling system_stm32f10x.c...
compiling GLCD_16bitIF_STM32.c...
compiling IRQ.c...
compiling LED_Functions.c...
compiling LCD_Functions.c...
compiling Programmable_ IO_Exercise.c...
Programmable_ IO_Exercise.c(94): warning:  #111-D: statement is unreachable
Programmable_ IO_Exercise.c(39): warning:  #177-D: variable "i" was declared but never referenced
compiling Exercise1.c...
Exercise1.c(10): warning:  #177-D: variable "u" was declared but never referenced
compiling clock.c...
compiling Excercise2.c...
Excercise2.c(22): warning:  #177-D: variable "t" was declared but never referenced
Excercise2.c(22): warning:  #177-D: variable "u" was declared but never referenced
linking...
Program Size: Code=4046 RO-data=6610 RW-data=36 ZI-data=1028  
".\Flash\Blinky.axf" - 0 Errors, 5 Warning(s).
Load "D:\\GitHub\\Programmable_IO_Exercise\\Programmable_ IO_Exercise\\Flash\\Blinky.axf" 
Erase Done.
Programming Done.
Verify OK.
Rebuild target 'MCBSTM32E Flash'
assembling startup_stm32f10x_hd.s...
compiling system_stm32f10x.c...
compiling GLCD_16bitIF_STM32.c...
compiling IRQ.c...
compiling LED_Functions.c...
compiling LCD_Functions.c...
compiling Programmable_ IO_Exercise.c...
Programmable_ IO_Exercise.c(94): warning:  #111-D: statement is unreachable
Programmable_ IO_Exercise.c(39): warning:  #177-D: variable "i" was declared but never referenced
compiling Exercise1.c...
Exercise1.c(10): warning:  #177-D: variable "u" was declared but never referenced
compiling clock.c...
compiling Excercise2.c...
Excercise2.c(22): warning:  #177-D: variable "t" was declared but never referenced
Excercise2.c(22): warning:  #177-D: variable "u" was declared but never referenced
linking...
Program Size: Code=4154 RO-data=6610 RW-data=36 ZI-data=1028  
".\Flash\Blinky.axf" - 0 Errors, 5 Warning(s).
Rebuild target 'MCBSTM32E Flash'
assembling startup_stm32f10x_hd.s...
compiling system_stm32f10x.c...
compiling GLCD_16bitIF_STM32.c...
compiling IRQ.c...
compiling LED_Functions.c...
compiling LCD_Functions.c...
compiling Programmable_ IO_Exercise.c...
Programmable_ IO_Exercise.c(94): warning:  #111-D: statement is unreachable
Programmable_ IO_Exercise.c(39): warning:  #177-D: variable "i" was declared but never referenced
compiling Exercise1.c...
Exercise1.c(10): warning:  #177-D: variable "u" was declared but never referenced
compiling clock.c...
compiling Excercise2.c...
linking...
Program Size: Code=4154 RO-data=6610 RW-data=36 ZI-data=1028  
".\Flash\Blinky.axf" - 0 Errors, 3 Warning(s).
Load "D:\\GitHub\\Programmable_IO_Exercise\\Programmable_ IO_Exercise\\Flash\\Blinky.axf" 
Erase Done.
Programming Done.
Verify OK.
Load "D:\\GitHub\\Programmable_IO_Exercise\\Programmable_ IO_Exercise\\Flash\\Blinky.axf" 
Erase Done.
Programming Done.
Verify OK.
Rebuild target 'MCBSTM32E Flash'
assembling startup_stm32f10x_hd.s...
compiling system_stm32f10x.c...
compiling GLCD_16bitIF_STM32.c...
compiling IRQ.c...
compiling LED_Functions.c...
compiling LCD_Functions.c...
compiling Programmable_ IO_Exercise.c...
Programmable_ IO_Exercise.c(94): warning:  #111-D: statement is unreachable
Programmable_ IO_Exercise.c(39): warning:  #177-D: variable "i" was declared but never referenced
compiling Exercise1.c...
Exercise1.c(10): warning:  #177-D: variable "u" was declared but never referenced
compiling clock.c...
compiling Excercise2.c...
linking...
Program Size: Code=4154 RO-data=6610 RW-data=36 ZI-data=1028  
".\Flash\Blinky.axf" - 0 Errors, 3 Warning(s).
Load "D:\\GitHub\\Programmable_IO_Exercise\\Programmable_ IO_Exercise\\Flash\\Blinky.axf" 
Erase Done.
Programming Done.
Verify OK.
Load "D:\\GitHub\\Programmable_IO_Exercise\\Programmable_ IO_Exercise\\Flash\\Blinky.axf" 
Erase Done.
Programming Done.
Verify OK.
Load "D:\\GitHub\\Programmable_IO_Exercise\\Programmable_ IO_Exercise\\Flash\\Blinky.axf" 
Erase Done.
Programming Done.
Verify OK.
Rebuild target 'MCBSTM32E Flash'
assembling startup_stm32f10x_hd.s...
compiling system_stm32f10x.c...
compiling GLCD_16bitIF_STM32.c...
compiling IRQ.c...
compiling LED_Functions.c...
compiling LCD_Functions.c...
compiling Programmable_ IO_Exercise.c...
Programmable_ IO_Exercise.c(116): error: At end of source:  #67: expected a "}"
compiling Exercise1.c...
Exercise1.c(10): warning:  #177-D: variable "u" was declared but never referenced
compiling clock.c...
compiling Excercise2.c...
".\Flash\Blinky.axf" - 1 Errors, 1 Warning(s).
Target not created
Rebuild target 'MCBSTM32E Flash'
assembling startup_stm32f10x_hd.s...
compiling system_stm32f10x.c...
compiling GLCD_16bitIF_STM32.c...
compiling IRQ.c...
compiling LED_Functions.c...
compiling LCD_Functions.c...
compiling Programmable_ IO_Exercise.c...
Programmable_ IO_Exercise.c(116): warning:  #111-D: statement is unreachable
compiling Exercise1.c...
Exercise1.c(10): warning:  #177-D: variable "u" was declared but never referenced
compiling clock.c...
compiling Excercise2.c...
linking...
Program Size: Code=4882 RO-data=6610 RW-data=40 ZI-data=1024  
".\Flash\Blinky.axf" - 0 Errors, 2 Warning(s).
Load "D:\\GitHub\\Programmable_IO_Exercise\\Programmable_ IO_Exercise\\Flash\\Blinky.axf" 
Erase Done.
Programming Done.
Verify OK.
Rebuild target 'MCBSTM32E Flash'
assembling startup_stm32f10x_hd.s...
compiling system_stm32f10x.c...
compiling GLCD_16bitIF_STM32.c...
compiling IRQ.c...
compiling LED_Functions.c...
compiling LCD_Functions.c...
compiling Programmable_ IO_Exercise.c...
Programmable_ IO_Exercise.c(94): warning:  #111-D: statement is unreachable
Programmable_ IO_Exercise.c(39): warning:  #177-D: variable "i" was declared but never referenced
compiling Exercise1.c...
Exercise1.c(10): warning:  #177-D: variable "u" was declared but never referenced
compiling clock.c...
compiling Excercise2.c...
linking...
Program Size: Code=4154 RO-data=6610 RW-data=36 ZI-data=1028  
".\Flash\Blinky.axf" - 0 Errors, 3 Warning(s).
Load "D:\\GitHub\\Programmable_IO_Exercise\\Programmable_ IO_Exercise\\Flash\\Blinky.axf" 
Erase Done.
Programming Done.
Verify OK.
Rebuild target 'MCBSTM32E Flash'
assembling startup_stm32f10x_hd.s...
compiling system_stm32f10x.c...
compiling GLCD_16bitIF_STM32.c...
compiling IRQ.c...
compiling LED_Functions.c...
compiling LCD_Functions.c...
compiling Programmable_ IO_Exercise.c...
Programmable_ IO_Exercise.c(94): warning:  #111-D: statement is unreachable
Programmable_ IO_Exercise.c(39): warning:  #177-D: variable "i" was declared but never referenced
compiling Exercise1.c...
Exercise1.c(10): warning:  #177-D: variable "u" was declared but never referenced
compiling clock.c...
compiling Excercise2.c...
linking...
Program Size: Code=4170 RO-data=6610 RW-data=36 ZI-data=1028  
".\Flash\Blinky.axf" - 0 Errors, 3 Warning(s).
Load "D:\\GitHub\\Programmable_IO_Exercise\\Programmable_ IO_Exercise\\Flash\\Blinky.axf" 
Erase Done.
Programming Done.
Verify OK.
Rebuild target 'MCBSTM32E Flash'
assembling startup_stm32f10x_hd.s...
compiling system_stm32f10x.c...
compiling GLCD_16bitIF_STM32.c...
compiling IRQ.c...
compiling LED_Functions.c...
compiling LCD_Functions.c...
compiling Programmable_ IO_Exercise.c...
Programmable_ IO_Exercise.c(94): warning:  #111-D: statement is unreachable
Programmable_ IO_Exercise.c(39): warning:  #177-D: variable "i" was declared but never referenced
compiling Exercise1.c...
Exercise1.c(10): warning:  #177-D: variable "u" was declared but never referenced
compiling clock.c...
compiling Excercise2.c...
linking...
Program Size: Code=4170 RO-data=6610 RW-data=36 ZI-data=1028  
".\Flash\Blinky.axf" - 0 Errors, 3 Warning(s).
Load "D:\\GitHub\\Programmable_IO_Exercise\\Programmable_ IO_Exercise\\Flash\\Blinky.axf" 
Erase Done.
Programming Done.
Verify OK.
Clean started: Project: 'Programmable_ IO_Exercise'
   deleting intermediate output files for target 'Simulator'
   deleting intermediate output files for target 'MCBSTM32E Flash'
   deleting intermediate output files for target 'MCBSTM32E RAM'
   deleting intermediate output files for target 'MCBSTM32E Trace'
Rebuild target 'MCBSTM32E Flash'
assembling startup_stm32f10x_hd.s...
compiling system_stm32f10x.c...
compiling GLCD_16bitIF_STM32.c...
compiling IRQ.c...
compiling LED_Functions.c...
compiling LCD_Functions.c...
compiling Programmable_ IO_Exercise.c...
Programmable_ IO_Exercise.c(94): warning:  #111-D: statement is unreachable
Programmable_ IO_Exercise.c(39): warning:  #177-D: variable "i" was declared but never referenced
compiling Exercise1.c...
Exercise1.c(10): warning:  #177-D: variable "u" was declared but never referenced
compiling clock.c...
compiling Excercise2.c...
Excercise2.c(27): warning:  #223-D: function "GLCD_DisplayString" declared implicitly
linking...
Program Size: Code=4270 RO-data=6610 RW-data=36 ZI-data=1028  
".\Flash\Blinky.axf" - 0 Errors, 4 Warning(s).
Rebuild target 'MCBSTM32E Flash'
assembling startup_stm32f10x_hd.s...
compiling system_stm32f10x.c...
compiling GLCD_16bitIF_STM32.c...
compiling IRQ.c...
compiling LED_Functions.c...
compiling LCD_Functions.c...
compiling Programmable_ IO_Exercise.c...
Programmable_ IO_Exercise.c(94): warning:  #111-D: statement is unreachable
Programmable_ IO_Exercise.c(39): warning:  #177-D: variable "i" was declared but never referenced
compiling Exercise1.c...
Exercise1.c(10): warning:  #177-D: variable "u" was declared but never referenced
compiling clock.c...
compiling Excercise2.c...
linking...
Program Size: Code=4270 RO-data=6610 RW-data=36 ZI-data=1028  
".\Flash\Blinky.axf" - 0 Errors, 3 Warning(s).
Rebuild target 'MCBSTM32E Flash'
assembling startup_stm32f10x_hd.s...
compiling system_stm32f10x.c...
compiling GLCD_16bitIF_STM32.c...
compiling IRQ.c...
compiling LED_Functions.c...
compiling LCD_Functions.c...
compiling Programmable_ IO_Exercise.c...
Programmable_ IO_Exercise.c(94): warning:  #111-D: statement is unreachable
Programmable_ IO_Exercise.c(39): warning:  #177-D: variable "i" was declared but never referenced
compiling Exercise1.c...
Exercise1.c(10): warning:  #177-D: variable "u" was declared but never referenced
compiling clock.c...
compiling Excercise2.c...
linking...
Program Size: Code=4270 RO-data=6610 RW-data=36 ZI-data=1028  
".\Flash\Blinky.axf" - 0 Errors, 3 Warning(s).
Load "D:\\GitHub\\Programmable_IO_Exercise\\Programmable_ IO_Exercise\\Flash\\Blinky.axf" 
Erase Done.
Programming Done.
Verify OK.
Rebuild target 'MCBSTM32E Flash'
assembling startup_stm32f10x_hd.s...
compiling system_stm32f10x.c...
compiling GLCD_16bitIF_STM32.c...
compiling IRQ.c...
compiling LED_Functions.c...
compiling LCD_Functions.c...
compiling Programmable_ IO_Exercise.c...
Programmable_ IO_Exercise.c(94): warning:  #111-D: statement is unreachable
Programmable_ IO_Exercise.c(39): warning:  #177-D: variable "i" was declared but never referenced
compiling Exercise1.c...
Exercise1.c(10): warning:  #177-D: variable "u" was declared but never referenced
compiling clock.c...
compiling Excercise2.c...
linking...
Program Size: Code=4290 RO-data=6610 RW-data=36 ZI-data=1028  
".\Flash\Blinky.axf" - 0 Errors, 3 Warning(s).
Load "D:\\GitHub\\Programmable_IO_Exercise\\Programmable_ IO_Exercise\\Flash\\Blinky.axf" 
Erase Done.
Programming Done.
Verify OK.
Build target 'MCBSTM32E Flash'
compiling Excercise2.c...
linking...
Program Size: Code=4298 RO-data=6610 RW-data=36 ZI-data=1028  
".\Flash\Blinky.axf" - 0 Errors, 0 Warning(s).
Load "D:\\GitHub\\Programmable_IO_Exercise\\Programmable_ IO_Exercise\\Flash\\Blinky.axf" 
Erase Done.
Programming Done.
Verify OK.
compiling Excercise2.c...
"Excercise2.c" - 0 Errors, 0 Warning(s).
Load "D:\\GitHub\\Programmable_IO_Exercise\\Programmable_ IO_Exercise\\Flash\\Blinky.axf" 
Erase Done.
Programming Done.
Verify OK.
compiling Excercise2.c...
"Excercise2.c" - 0 Errors, 0 Warning(s).
Load "D:\\GitHub\\Programmable_IO_Exercise\\Programmable_ IO_Exercise\\Flash\\Blinky.axf" 
Erase Done.
Programming Done.
Verify OK.
Rebuild target 'MCBSTM32E Flash'
assembling startup_stm32f10x_hd.s...
compiling system_stm32f10x.c...
compiling GLCD_16bitIF_STM32.c...
compiling IRQ.c...
compiling LED_Functions.c...
compiling LCD_Functions.c...
compiling Programmable_ IO_Exercise.c...
Programmable_ IO_Exercise.c(94): warning:  #111-D: statement is unreachable
Programmable_ IO_Exercise.c(39): warning:  #177-D: variable "i" was declared but never referenced
compiling Exercise1.c...
Exercise1.c(10): warning:  #177-D: variable "u" was declared but never referenced
compiling clock.c...
compiling Excercise2.c...
linking...
Program Size: Code=4298 RO-data=6610 RW-data=36 ZI-data=1028  
".\Flash\Blinky.axf" - 0 Errors, 3 Warning(s).
Load "D:\\GitHub\\Programmable_IO_Exercise\\Programmable_ IO_Exercise\\Flash\\Blinky.axf" 
Erase Done.
Programming Done.
Verify OK.
Rebuild target 'MCBSTM32E Flash'
assembling startup_stm32f10x_hd.s...
compiling system_stm32f10x.c...
compiling GLCD_16bitIF_STM32.c...
compiling IRQ.c...
compiling LED_Functions.c...
compiling LCD_Functions.c...
compiling Programmable_ IO_Exercise.c...
Programmable_ IO_Exercise.c(94): warning:  #111-D: statement is unreachable
Programmable_ IO_Exercise.c(39): warning:  #177-D: variable "i" was declared but never referenced
compiling Exercise1.c...
Exercise1.c(10): warning:  #177-D: variable "u" was declared but never referenced
compiling clock.c...
compiling Excercise2.c...
linking...
Program Size: Code=4298 RO-data=6610 RW-data=36 ZI-data=1028  
".\Flash\Blinky.axf" - 0 Errors, 3 Warning(s).
Load "D:\\GitHub\\Programmable_IO_Exercise\\Programmable_ IO_Exercise\\Flash\\Blinky.axf" 
Erase Done.
Programming Done.
Verify OK.
